2026-07-19 17:59:10,638 - db_helper - INFO - fetch_expenses_summary: called with start_date 2024-08-02, end_date 2024-08-03
2026-07-19 17:59:59,852 - db_helper - INFO - fetch_expenses_for_date: called with 2024-09-30
2026-07-19 17:59:59,965 - db_helper - INFO - fetch_expenses_summary: called with start_date 2024-08-02, end_date 2024-08-03
2026-07-19 18:00:54,864 - db_helper - INFO - fetch_expenses_for_date: called with 2024-09-30
2026-07-19 18:00:54,963 - db_helper - INFO - fetch_expenses_summary: called with start_date 2024-08-02, end_date 2024-09-03
2026-07-19 18:10:10,821 - db_helper - INFO - fetch_expenses_for_date: called with 2024-09-30
2026-07-19 18:10:11,002 - db_helper - INFO - fetch_expenses_summary: called with start_date 2024-08-02, end_date 2024-09-03
2026-07-19 18:19:20,675 - db_helper - INFO - fetch_expenses_for_date: called with 2024-08-29
2026-07-19 18:19:44,630 - db_helper - INFO - fetch_expenses_for_date: called with 2024-08-29
2026-07-19 18:20:35,073 - db_helper - INFO - fetch_expenses_for_date: called with 2024-08-29
2026-07-19 18:20:43,475 - db_helper - INFO - fetch_expenses_for_date: called with 2024-08-01
2026-07-19 18:21:28,766 - db_helper - INFO - fetch_expenses_for_date: called with 2024-08-01
2026-07-19 18:22:18,553 - db_helper - INFO - delete_expenses_for_date: called with 2024-08-01
2026-07-19 18:22:18,594 - db_helper - INFO - insert_expenses for date: called with date: 2024-08-01, amount: 2000.0, category: Shopping, notes: Buy babby yodda
2026-07-19 18:22:18,621 - db_helper - INFO - insert_expenses for date: called with date: 2024-08-01, amount: 100.0, category: Food, notes: Eat Bhelpuri Chaat
2026-07-20 15:13:22,612 - db_helper - INFO - fetch_expenses_for_date: called with 2024-08-01
2026-07-20 15:13:35,000 - db_helper - INFO - fetch_expenses_for_date: called with 2024-08-01
2026-07-20 15:13:38,926 - db_helper - INFO - fetch_expenses_for_date: called with 2024-08-02
2026-07-20 15:18:51,543 - db_helper - INFO - fetch_expenses_for_date: called with 2024-08-02
2026-07-20 15:19:35,362 - db_helper - INFO - fetch_expenses_for_date: called with 2024-08-02
2026-07-20 15:20:16,410 - db_helper - INFO - fetch_expenses_for_date: called with 2024-08-02
2026-07-22 22:21:30,079 - db_helper - INFO - fetch_expenses_for_date: called with 2024-08-01
2026-07-23 17:31:23,978 - db_helper - INFO - fetch_expenses_for_date: called with 2024-08-01
2026-07-23 17:31:28,899 - db_helper - INFO - fetch_expenses_for_date: called with 2024-08-01
2026-07-23 17:34:14,945 - db_helper - INFO - fetch_expenses_for_date: called with 2024-08-02
2026-07-23 18:12:03,391 - db_helper - INFO - fetch_expenses_for_date: called with 2024-08-01
2026-07-23 18:13:21,445 - db_helper - INFO - fetch_expenses_for_date: called with 2024-08-01
2026-07-23 18:13:34,532 - db_helper - INFO - fetch_expenses_for_date: called with 2024-08-01
2026-07-23 18:13:46,711 - db_helper - INFO - fetch_expenses_for_date: called with 2024-08-01
2026-07-23 18:14:08,621 - db_helper - INFO - fetch_expenses_for_date: called with 2024-08-01
2026-07-23 18:14:25,318 - db_helper - INFO - fetch_expenses_for_date: called with 2024-08-01
2026-07-23 18:14:40,256 - db_helper - INFO - fetch_expenses_for_date: called with 2024-08-01
2026-07-23 18:14:50,635 - db_helper - INFO - fetch_expenses_for_date: called with 2024-08-01
2026-07-23 18:15:24,392 - db_helper - INFO - fetch_expenses_for_date: called with 2024-08-01
2026-07-23 18:15:46,842 - db_helper - INFO - fetch_expenses_for_date: called with 2024-08-01
2026-07-23 18:16:25,292 - db_helper - INFO - fetch_expenses_for_date: called with 2024-08-01
2026-07-23 18:16:47,533 - db_helper - INFO - fetch_expenses_for_date: called with 2024-08-01
2026-07-23 18:17:20,074 - db_helper - INFO - fetch_expenses_for_date: called with 2024-08-01
2026-07-23 18:17:48,592 - db_helper - INFO - fetch_expenses_for_date: called with 2024-08-01
2026-07-23 18:19:18,947 - db_helper - INFO - fetch_expenses_for_date: called with 2024-08-01
2026-07-23 18:19:23,823 - db_helper - INFO - fetch_expenses_for_date: called with 2024-08-01
2026-07-23 18:20:35,727 - db_helper - INFO - fetch_expenses_for_date: called with 2024-08-01
2026-07-23 18:20:59,593 - db_helper - INFO - fetch_expenses_for_date: called with 2024-08-01
2026-07-23 18:21:24,423 - db_helper - INFO - fetch_expenses_for_date: called with 2024-08-01
2026-07-23 18:23:55,708 - db_helper - INFO - fetch_expenses_for_date: called with 2024-08-01
2026-07-23 18:30:26,332 - db_helper - INFO - fetch_expenses_for_date: called with 2024-08-01
2026-07-23 18:30:34,074 - db_helper - INFO - fetch_expenses_for_date: called with 2024-08-02
2026-07-23 18:30:39,895 - db_helper - INFO - fetch_expenses_for_date: called with 2024-08-08
2026-07-23 18:31:32,759 - db_helper - INFO - fetch_expenses_for_date: called with 2024-08-08
2026-07-23 18:31:39,697 - db_helper - INFO - fetch_expenses_for_date: called with 2024-08-02
2026-07-23 18:33:19,055 - db_helper - INFO - fetch_expenses_for_date: called with 2024-08-02
2026-07-23 18:34:24,354 - db_helper - INFO - fetch_expenses_for_date: called with 2024-08-02
2026-07-23 18:41:08,517 - db_helper - INFO - fetch_expenses_for_date: called with 2024-08-01
2026-07-23 18:41:15,415 - db_helper - INFO - fetch_expenses_for_date: called with 2024-08-02
2026-07-23 18:41:56,386 - db_helper - INFO - fetch_expenses_for_date: called with 2024-08-01
2026-07-23 18:42:53,079 - db_helper - INFO - fetch_expenses_for_date: called with 2024-08-01
2026-07-23 18:42:57,438 - db_helper - INFO - fetch_expenses_for_date: called with 2024-08-01
2026-07-23 18:43:03,676 - db_helper - INFO - fetch_expenses_for_date: called with 2024-08-02
2026-07-23 18:43:16,113 - db_helper - INFO - fetch_expenses_for_date: called with 2024-08-02
2026-07-23 18:45:40,930 - db_helper - INFO - fetch_expenses_for_date: called with 2024-08-01
2026-07-23 18:45:45,169 - db_helper - INFO - fetch_expenses_for_date: called with 2024-08-02
2026-07-23 18:46:10,526 - db_helper - INFO - fetch_expenses_for_date: called with 2024-08-08
2026-07-23 18:46:20,867 - db_helper - INFO - fetch_expenses_for_date: called with 2024-08-08
2026-07-23 18:46:26,564 - db_helper - INFO - fetch_expenses_for_date: called with 2024-08-01
2026-07-23 18:46:30,826 - db_helper - INFO - fetch_expenses_for_date: called with 2024-08-08
2026-07-23 18:46:55,893 - db_helper - INFO - fetch_expenses_for_date: called with 2026-07-23
2026-07-23 18:47:05,497 - db_helper - INFO - fetch_expenses_for_date: called with 2026-07-09
2026-07-23 18:47:16,978 - db_helper - INFO - fetch_expenses_for_date: called with 2024-04-12
2026-07-23 18:47:23,623 - db_helper - INFO - fetch_expenses_for_date: called with 2024-04-12
2026-07-23 18:47:27,125 - db_helper - INFO - fetch_expenses_for_date: called with 2024-04-02
2026-07-23 18:47:40,552 - db_helper - INFO - fetch_expenses_for_date: called with 2024-08-09
2026-07-23 18:47:45,688 - db_helper - INFO - fetch_expenses_for_date: called with 2024-08-02
2026-07-23 18:50:15,380 - db_helper - INFO - fetch_expenses_for_date: called with 2024-08-03
2026-07-23 18:50:22,647 - db_helper - INFO - fetch_expenses_for_date: called with 2024-08-01
2026-07-23 18:50:27,859 - db_helper - INFO - fetch_expenses_for_date: called with 2024-08-02
2026-07-23 18:50:34,570 - db_helper - INFO - fetch_expenses_for_date: called with 2024-08-24
2026-07-23 18:53:05,242 - db_helper - INFO - fetch_expenses_for_date: called with 2024-08-01
2026-07-23 18:53:09,090 - db_helper - INFO - fetch_expenses_for_date: called with 2024-08-02
2026-07-23 18:53:13,324 - db_helper - INFO - fetch_expenses_for_date: called with 2024-08-30
2026-07-23 18:57:26,967 - db_helper - INFO - fetch_expenses_for_date: called with 2024-08-03
2026-07-23 18:57:43,218 - db_helper - INFO - fetch_expenses_for_date: called with 2026-07-23
2026-07-23 18:57:47,473 - db_helper - INFO - fetch_expenses_for_date: called with 2026-07-01
2026-07-23 18:57:54,953 - db_helper - INFO - fetch_expenses_for_date: called with 2024-08-08
2026-07-23 18:58:24,701 - db_helper - INFO - fetch_expenses_for_date: called with 2024-08-01
2026-07-23 19:06:22,026 - db_helper - INFO - fetch_expenses_for_date: called with 2024-08-01
2026-07-23 19:06:27,422 - db_helper - INFO - fetch_expenses_for_date: called with 2024-08-10
2026-07-23 19:07:01,370 - db_helper - INFO - fetch_expenses_for_date: called with 2024-08-10
2026-07-23 19:07:34,599 - db_helper - INFO - fetch_expenses_for_date: called with 2024-08-10
2026-07-23 19:07:58,460 - db_helper - INFO - fetch_expenses_for_date: called with 2024-08-10
2026-07-23 19:08:00,639 - db_helper - INFO - delete_expenses_for_date: called with 2024-08-10
2026-07-23 19:08:45,872 - db_helper - INFO - fetch_expenses_for_date: called with 2024-08-10
2026-07-23 19:08:48,013 - db_helper - INFO - delete_expenses_for_date: called with 2024-08-10
2026-07-23 19:12:17,636 - db_helper - INFO - fetch_expenses_for_date: called with 2024-08-03
2026-07-23 19:12:22,334 - db_helper - INFO - fetch_expenses_for_date: called with 2024-08-07
2026-07-23 19:14:08,558 - db_helper - INFO - fetch_expenses_for_date: called with 2024-08-07
2026-07-23 19:14:10,709 - db_helper - INFO - delete_expenses_for_date: called with 2024-08-07
2026-07-23 19:14:53,415 - db_helper - INFO - fetch_expenses_for_date: called with 2024-08-07
2026-07-23 19:18:30,283 - db_helper - INFO - fetch_expenses_for_date: called with 2024-08-07
2026-07-23 19:18:38,907 - db_helper - INFO - fetch_expenses_for_date: called with 2024-08-07
2026-07-23 19:18:41,638 - db_helper - INFO - fetch_expenses_for_date: called with 2024-08-01
2026-07-23 19:18:44,866 - db_helper - INFO - fetch_expenses_for_date: called with 2024-08-01
2026-07-23 19:18:52,885 - db_helper - INFO - fetch_expenses_for_date: called with 2024-08-01
2026-07-23 19:19:01,211 - db_helper - INFO - fetch_expenses_for_date: called with 2024-08-07
2026-07-23 19:19:11,519 - db_helper - INFO - fetch_expenses_for_date: called with 2024-08-07
2026-07-23 19:19:33,712 - db_helper - INFO - fetch_expenses_for_date: called with 2024-08-07
2026-07-23 19:19:38,020 - db_helper - INFO - fetch_expenses_for_date: called with 2024-08-09
2026-07-23 19:20:01,799 - db_helper - INFO - fetch_expenses_for_date: called with 2024-08-09
2026-07-23 19:20:59,725 - db_helper - INFO - fetch_expenses_for_date: called with 2024-08-09
2026-07-23 19:21:14,455 - db_helper - INFO - fetch_expenses_for_date: called with 2024-08-09
2026-07-23 19:21:40,198 - db_helper - INFO - fetch_expenses_for_date: called with 2024-08-09
2026-07-23 19:21:41,693 - db_helper - INFO - fetch_expenses_for_date: called with 2024-08-09
2026-07-23 19:21:45,460 - db_helper - INFO - fetch_expenses_for_date: called with 2024-08-09
2026-07-23 19:21:49,459 - db_helper - INFO - fetch_expenses_for_date: called with 2024-08-02
2026-07-23 19:22:13,411 - db_helper - INFO - fetch_expenses_for_date: called with 2024-08-02
2026-07-23 19:22:31,086 - db_helper - INFO - fetch_expenses_for_date: called with 2024-08-02
2026-07-23 19:22:37,934 - db_helper - INFO - fetch_expenses_for_date: called with 2024-08-01
2026-07-23 19:22:40,385 - db_helper - INFO - fetch_expenses_for_date: called with 2024-08-09
2026-07-23 19:22:50,472 - db_helper - INFO - fetch_expenses_for_date: called with 2024-08-09
2026-07-23 19:23:09,645 - db_helper - INFO - fetch_expenses_for_date: called with 2024-08-09
2026-07-23 19:24:33,627 - db_helper - INFO - fetch_expenses_for_date: called with 2024-08-09
2026-07-23 19:24:35,720 - db_helper - INFO - delete_expenses_for_date: called with 2024-08-09
2026-07-23 19:25:01,798 - db_helper - INFO - fetch_expenses_for_date: called with 2024-08-09
2026-07-23 19:25:03,891 - db_helper - INFO - delete_expenses_for_date: called with 2024-08-09
2026-07-23 19:25:03,904 - db_helper - INFO - insert_expenses for date: called with date: 2024-08-09, amount: 20.0, category: Shopping, notes: 
2026-07-23 19:25:40,193 - db_helper - INFO - fetch_expenses_for_date: called with 2024-08-09
2026-07-23 19:25:42,294 - db_helper - INFO - delete_expenses_for_date: called with 2024-08-09
2026-07-23 19:25:42,316 - db_helper - INFO - insert_expenses for date: called with date: 2024-08-09, amount: 120.0, category: Food, notes: chole batura
2026-07-23 19:25:42,326 - db_helper - INFO - insert_expenses for date: called with date: 2024-08-09, amount: 500.0, category: Shopping, notes: friend
2026-07-23 19:26:13,374 - db_helper - INFO - fetch_expenses_for_date: called with 2024-08-09
2026-07-23 19:26:22,377 - db_helper - INFO - fetch_expenses_for_date: called with 2024-08-08
2026-07-23 19:26:26,056 - db_helper - INFO - fetch_expenses_for_date: called with 2024-08-09
2026-07-23 23:22:18,207 - db_helper - INFO - fetch_expenses_for_date: called with 2024-09-30
2026-07-23 23:22:18,562 - db_helper - INFO - fetch_expenses_summary: called with start_date 2024-08-02, end_date 2024-09-03
2026-07-23 23:23:51,862 - db_helper - INFO - fetch_expenses_for_date: called with 2024-08-09
2026-07-23 23:23:59,194 - db_helper - INFO - fetch_expenses_for_date: called with 2024-08-09
2026-07-23 23:24:01,294 - db_helper - INFO - delete_expenses_for_date: called with 2024-08-09
2026-07-23 23:24:01,326 - db_helper - INFO - insert_expenses for date: called with date: 2024-08-09, amount: 120.0, category: Food, notes: chole batura
2026-07-23 23:24:01,341 - db_helper - INFO - insert_expenses for date: called with date: 2024-08-09, amount: 500.0, category: Shopping, notes: friend
2026-07-23 23:24:46,476 - db_helper - INFO - fetch_expenses_summary: called with start_date 2024-08-02, end_date 2024-09-01
2026-07-23 23:36:21,734 - db_helper - INFO - fetch_expenses_summary: called with start_date 2024-08-02, end_date 2024-09-01
2026-07-23 23:36:46,353 - db_helper - INFO - fetch_expenses_summary: called with start_date 2024-08-02, end_date 2024-09-01
2026-07-23 23:36:48,756 - db_helper - INFO - fetch_expenses_summary: called with start_date 2024-08-02, end_date 2024-09-01
2026-07-23 23:37:04,864 - db_helper - INFO - fetch_expenses_summary: called with start_date 2024-08-02, end_date 2024-09-01
2026-07-23 23:37:17,846 - db_helper - INFO - fetch_expenses_summary: called with start_date 2024-08-02, end_date 2024-09-01
2026-07-23 23:37:47,661 - db_helper - INFO - fetch_expenses_summary: called with start_date 2024-08-02, end_date 2024-09-01
2026-07-23 23:38:09,211 - db_helper - INFO - fetch_expenses_summary: called with start_date 2024-08-02, end_date 2024-09-01
2026-07-23 23:38:47,892 - db_helper - INFO - fetch_expenses_summary: called with start_date 2024-08-02, end_date 2024-09-01
2026-07-23 23:40:06,671 - db_helper - INFO - fetch_expenses_summary: called with start_date 2024-08-02, end_date 2024-09-01
2026-07-24 00:00:57,917 - db_helper - INFO - fetch_expenses_for_date: called with 2024-08-01
2026-07-24 00:02:51,638 - db_helper - INFO - fetch_expenses_for_date: called with 2024-08-01
2026-07-24 00:04:20,764 - db_helper - INFO - fetch_expenses_for_date: called with 2024-08-01
2026-07-24 00:06:04,313 - db_helper - INFO - fetch_expenses_for_date: called with 2024-08-01
2026-07-24 00:06:29,062 - db_helper - INFO - fetch_expenses_for_date: called with 2024-08-01
2026-07-24 00:07:04,979 - db_helper - INFO - fetch_expenses_for_date: called with 2024-08-01
2026-07-24 00:08:04,050 - db_helper - INFO - fetch_expenses_for_date: called with 2024-08-01
2026-07-24 00:08:30,654 - db_helper - INFO - fetch_expenses_for_date: called with 2024-08-01
2026-07-24 00:08:46,733 - db_helper - INFO - fetch_expenses_for_date: called with 2024-08-01
2026-07-24 00:08:51,653 - db_helper - INFO - fetch_expenses_for_date: called with 2024-08-01
2026-07-24 00:09:52,374 - db_helper - INFO - fetch_expenses_for_date: called with 2024-08-01
2026-07-24 00:09:55,962 - db_helper - INFO - fetch_expenses_for_date: called with 2024-08-01
2026-07-24 00:10:32,789 - db_helper - INFO - fetch_expenses_for_date: called with 2024-08-01
2026-07-24 00:10:36,443 - db_helper - INFO - fetch_expenses_for_date: called with 2024-08-01
2026-07-24 00:11:11,977 - db_helper - INFO - fetch_expenses_for_date: called with 2024-08-01
2026-07-24 00:11:19,006 - db_helper - INFO - fetch_expenses_for_date: called with 2024-08-01
2026-07-24 00:12:06,971 - db_helper - INFO - fetch_expenses_for_date: called with 2024-08-01
2026-07-24 00:12:09,209 - db_helper - INFO - delete_expenses_for_date: called with 2024-08-01
2026-07-24 00:12:09,360 - db_helper - INFO - insert_expenses for date: called with date: 2024-08-01, amount: 2000.0, category: Shopping, notes: Buy babby yodda
2026-07-24 00:12:09,391 - db_helper - INFO - insert_expenses for date: called with date: 2024-08-01, amount: 100.0, category: Food, notes: Eat Bhelpuri Chaat
2026-07-24 00:12:15,684 - db_helper - INFO - fetch_expenses_for_date: called with 2024-08-08
2026-07-24 00:12:22,211 - db_helper - INFO - fetch_expenses_for_date: called with 2024-08-03
2026-07-24 00:13:59,492 - db_helper - INFO - fetch_expenses_for_date: called with 2024-08-03
2026-07-24 00:14:38,166 - db_helper - INFO - fetch_expenses_for_date: called with 2024-08-03
2026-07-24 00:14:42,099 - db_helper - INFO - fetch_expenses_for_date: called with 2024-08-03
2026-07-24 00:14:56,927 - db_helper - INFO - fetch_expenses_summary: called with start_date 2024-08-02, end_date 2024-09-01
2026-07-24 00:15:07,880 - db_helper - INFO - fetch_expenses_summary: called with start_date 2024-08-02, end_date 2024-08-30
2026-07-24 00:16:02,091 - db_helper - INFO - fetch_expenses_for_date: called with 2024-08-03
2026-07-24 00:16:06,526 - db_helper - INFO - fetch_expenses_for_date: called with 2024-08-03
2026-07-24 00:16:07,340 - db_helper - INFO - fetch_expenses_for_date: called with 2024-08-03
2026-07-24 00:17:08,760 - db_helper - INFO - fetch_expenses_for_date: called with 2024-08-03
2026-07-24 00:17:09,679 - db_helper - INFO - fetch_expenses_for_date: called with 2024-08-03
2026-07-24 00:17:49,102 - db_helper - INFO - fetch_expenses_for_date: called with 2024-08-03
2026-07-24 00:18:21,668 - db_helper - INFO - fetch_expenses_for_date: called with 2024-08-03
2026-07-24 00:18:26,262 - db_helper - INFO - fetch_expenses_for_date: called with 2024-08-03
2026-07-24 00:19:33,430 - db_helper - INFO - fetch_expenses_for_date: called with 2024-08-03
2026-07-24 00:19:43,524 - db_helper - INFO - fetch_expenses_for_date: called with 2024-08-03
2026-07-24 00:19:45,720 - db_helper - INFO - fetch_expenses_summary: called with start_date 2024-08-01, end_date 2024-08-05
2026-07-24 00:20:02,202 - db_helper - INFO - fetch_expenses_for_date: called with 2024-08-03
2026-07-24 00:20:08,761 - db_helper - INFO - fetch_expenses_for_date: called with 2024-08-03
2026-07-24 00:20:13,490 - db_helper - INFO - fetch_expenses_for_date: called with 2024-08-03
2026-07-24 00:20:15,635 - db_helper - INFO - fetch_expenses_summary: called with start_date 2024-08-01, end_date 2024-08-21
2026-07-24 00:20:53,640 - db_helper - INFO - fetch_expenses_for_date: called with 2024-08-03
2026-07-24 00:21:10,184 - db_helper - INFO - fetch_expenses_for_date: called with 2024-08-03
2026-07-24 00:21:27,806 - db_helper - INFO - fetch_expenses_for_date: called with 2024-08-03
2026-07-24 00:21:29,683 - db_helper - INFO - fetch_expenses_for_date: called with 2024-08-03
2026-07-24 00:21:31,838 - db_helper - INFO - fetch_expenses_summary: called with start_date 2024-08-01, end_date 2024-08-21
2026-07-24 00:21:32,552 - db_helper - INFO - fetch_expenses_for_date: called with 2024-08-03
2026-07-24 00:21:34,709 - db_helper - INFO - fetch_expenses_summary: called with start_date 2024-08-01, end_date 2024-08-21
2026-07-24 00:21:41,252 - db_helper - INFO - fetch_expenses_for_date: called with 2024-08-03
2026-07-24 00:21:43,347 - db_helper - INFO - fetch_expenses_summary: called with start_date 2024-08-01, end_date 2024-08-21
2026-07-24 00:21:51,452 - db_helper - INFO - fetch_expenses_for_date: called with 2024-08-03
2026-07-24 00:21:55,397 - db_helper - INFO - fetch_expenses_for_date: called with 2024-08-03
2026-07-24 00:21:57,548 - db_helper - INFO - fetch_expenses_summary: called with start_date 2024-08-01, end_date 2024-08-21
2026-07-24 00:22:21,840 - db_helper - INFO - fetch_expenses_for_date: called with 2024-08-03
2026-07-24 00:22:25,951 - db_helper - INFO - fetch_expenses_for_date: called with 2024-08-03
2026-07-24 00:22:28,103 - db_helper - INFO - fetch_expenses_summary: called with start_date 2024-08-01, end_date 2024-08-21
2026-07-24 00:22:42,154 - db_helper - INFO - fetch_expenses_for_date: called with 2024-08-03
2026-07-24 00:22:46,217 - db_helper - INFO - fetch_expenses_for_date: called with 2024-08-03
2026-07-24 00:22:48,524 - db_helper - INFO - fetch_expenses_summary: called with start_date 2024-08-01, end_date 2024-08-21
2026-07-24 00:23:03,699 - db_helper - INFO - fetch_expenses_for_date: called with 2024-08-03
2026-07-24 00:23:31,757 - db_helper - INFO - fetch_expenses_for_date: called with 2024-08-03
2026-07-24 00:23:35,151 - db_helper - INFO - fetch_expenses_for_date: called with 2024-08-03
2026-07-24 00:23:37,318 - db_helper - INFO - fetch_expenses_summary: called with start_date 2024-08-01, end_date 2024-08-21
2026-07-24 00:23:57,620 - db_helper - INFO - fetch_expenses_for_date: called with 2024-08-03
2026-07-24 00:24:01,306 - db_helper - INFO - fetch_expenses_for_date: called with 2024-08-03
2026-07-24 00:24:03,650 - db_helper - INFO - fetch_expenses_summary: called with start_date 2024-08-01, end_date 2024-08-21
2026-07-24 00:24:28,664 - db_helper - INFO - fetch_expenses_for_date: called with 2024-08-03
2026-07-24 00:24:34,350 - db_helper - INFO - fetch_expenses_for_date: called with 2024-08-03
2026-07-24 00:24:35,691 - db_helper - INFO - fetch_expenses_for_date: called with 2024-08-03
2026-07-24 00:24:37,841 - db_helper - INFO - fetch_expenses_summary: called with start_date 2024-08-01, end_date 2024-08-21
2026-07-24 00:25:24,034 - db_helper - INFO - fetch_expenses_for_date: called with 2024-08-03
2026-07-24 00:25:32,167 - db_helper - INFO - fetch_expenses_for_date: called with 2024-08-03
2026-07-24 00:25:33,913 - db_helper - INFO - fetch_expenses_for_date: called with 2024-08-03
2026-07-24 00:25:36,099 - db_helper - INFO - fetch_expenses_summary: called with start_date 2024-08-01, end_date 2024-08-08
2026-07-24 00:26:56,142 - db_helper - INFO - fetch_expenses_for_date: called with 2024-08-03
2026-07-24 00:27:04,497 - db_helper - INFO - fetch_expenses_for_date: called with 2024-08-01
2026-07-24 00:27:06,670 - db_helper - INFO - fetch_expenses_summary: called with start_date 2024-08-01, end_date 2024-08-30
2026-07-24 00:28:50,942 - db_helper - INFO - fetch_expenses_for_date: called with 2024-08-01
2026-07-24 00:29:01,893 - db_helper - INFO - fetch_expenses_for_date: called with 2024-08-01
2026-07-24 00:29:04,053 - db_helper - INFO - fetch_expenses_summary: called with start_date 2024-08-01, end_date 2024-08-30
2026-07-24 00:29:17,575 - db_helper - INFO - fetch_expenses_for_date: called with 2024-08-01
2026-07-24 00:31:45,213 - db_helper - INFO - fetch_expenses_for_date: called with 2024-08-01
2026-07-24 00:31:50,379 - db_helper - INFO - fetch_expenses_for_date: called with 2024-08-01
2026-07-24 00:31:52,537 - db_helper - INFO - fetch_expenses_summary: called with start_date 2024-08-01, end_date 2024-08-30
2026-07-24 00:32:04,212 - db_helper - INFO - fetch_expenses_for_date: called with 2024-08-01
2026-07-24 00:32:05,722 - db_helper - INFO - fetch_expenses_for_date: called with 2024-08-01
2026-07-24 00:32:07,872 - db_helper - INFO - fetch_expenses_summary: called with start_date 2024-08-01, end_date 2024-08-30
2026-07-24 00:32:24,684 - db_helper - INFO - fetch_expenses_for_date: called with 2024-08-01
2026-07-24 00:32:28,462 - db_helper - INFO - fetch_expenses_for_date: called with 2024-08-01
2026-07-24 00:32:30,647 - db_helper - INFO - fetch_expenses_summary: called with start_date 2024-08-01, end_date 2024-08-30
2026-07-24 00:33:14,831 - db_helper - INFO - fetch_expenses_for_date: called with 2024-08-01
2026-07-24 00:33:18,854 - db_helper - INFO - fetch_expenses_for_date: called with 2024-08-01
2026-07-24 00:33:21,005 - db_helper - INFO - fetch_expenses_summary: called with start_date 2024-08-01, end_date 2024-08-30
2026-07-24 00:33:38,843 - db_helper - INFO - fetch_expenses_for_date: called with 2024-08-01
2026-07-24 00:34:22,939 - db_helper - INFO - fetch_expenses_for_date: called with 2024-08-01
2026-07-24 00:34:24,821 - db_helper - INFO - fetch_expenses_for_date: called with 2024-08-01
2026-07-24 00:34:26,981 - db_helper - INFO - fetch_expenses_summary: called with start_date 2024-08-01, end_date 2024-08-30
2026-07-24 00:34:49,228 - db_helper - INFO - fetch_expenses_for_date: called with 2024-08-01
2026-07-24 00:34:53,896 - db_helper - INFO - fetch_expenses_for_date: called with 2024-08-01
2026-07-24 00:34:56,076 - db_helper - INFO - fetch_expenses_summary: called with start_date 2024-08-01, end_date 2024-08-30
2026-07-24 00:35:33,429 - db_helper - INFO - fetch_expenses_for_date: called with 2024-08-01
2026-07-24 00:35:44,169 - db_helper - INFO - fetch_expenses_for_date: called with 2024-08-01
2026-07-24 00:35:46,328 - db_helper - INFO - fetch_expenses_summary: called with start_date 2024-08-01, end_date 2024-08-30
2026-07-24 00:36:09,309 - db_helper - INFO - fetch_expenses_for_date: called with 2024-08-01
2026-07-24 00:37:31,068 - db_helper - INFO - fetch_expenses_for_date: called with 2024-08-01
2026-07-24 00:37:33,249 - db_helper - INFO - fetch_expenses_summary: called with start_date 2024-08-01, end_date 2024-08-30
2026-07-24 14:56:28,889 - db_helper - INFO - fetch_expenses_for_date: called with 2024-08-01
2026-07-24 14:56:53,821 - db_helper - INFO - fetch_expenses_for_date: called with 2024-08-01
2026-07-24 14:57:10,134 - db_helper - INFO - fetch_expenses_for_date: called with 2024-08-01
2026-07-24 14:57:12,253 - db_helper - INFO - fetch_expenses_summary: called with start_date 2024-08-01, end_date 2024-08-30
2026-07-24 14:59:28,439 - db_helper - INFO - fetch_expenses_for_date: called with 2024-08-01
2026-07-24 14:59:32,652 - db_helper - INFO - fetch_expenses_for_date: called with 2024-08-01
2026-07-24 14:59:34,824 - db_helper - INFO - fetch_expenses_summary: called with start_date 2024-08-01, end_date 2024-08-30
2026-07-24 15:00:04,251 - db_helper - INFO - fetch_expenses_for_date: called with 2024-08-01
2026-07-24 15:00:08,071 - db_helper - INFO - fetch_expenses_for_date: called with 2024-08-01
2026-07-24 15:00:10,204 - db_helper - INFO - fetch_expenses_summary: called with start_date 2024-08-01, end_date 2024-08-30
2026-07-24 15:00:25,286 - db_helper - INFO - fetch_expenses_for_date: called with 2024-08-01
2026-07-24 15:00:28,874 - db_helper - INFO - fetch_expenses_for_date: called with 2024-08-01
2026-07-24 15:00:31,099 - db_helper - INFO - fetch_expenses_summary: called with start_date 2024-08-01, end_date 2024-08-30
2026-07-24 15:00:46,346 - db_helper - INFO - fetch_expenses_for_date: called with 2024-08-01
2026-07-24 15:00:50,044 - db_helper - INFO - fetch_expenses_for_date: called with 2024-08-01
2026-07-24 15:00:52,195 - db_helper - INFO - fetch_expenses_summary: called with start_date 2024-08-01, end_date 2024-08-30
2026-07-24 15:01:01,396 - db_helper - INFO - fetch_expenses_for_date: called with 2024-08-01
2026-07-24 15:01:05,045 - db_helper - INFO - fetch_expenses_for_date: called with 2024-08-01
2026-07-24 15:01:11,809 - db_helper - INFO - fetch_expenses_for_date: called with 2024-08-01
2026-07-24 15:01:13,231 - db_helper - INFO - fetch_expenses_for_date: called with 2024-08-01
2026-07-24 15:01:15,381 - db_helper - INFO - fetch_expenses_summary: called with start_date 2024-08-01, end_date 2024-08-30
2026-07-24 15:01:42,285 - db_helper - INFO - fetch_expenses_for_date: called with 2024-08-01
2026-07-24 15:01:43,700 - db_helper - INFO - fetch_expenses_for_date: called with 2024-08-01
2026-07-24 15:01:45,959 - db_helper - INFO - fetch_expenses_summary: called with start_date 2024-08-01, end_date 2024-08-30
2026-07-24 15:02:02,549 - db_helper - INFO - fetch_expenses_for_date: called with 2024-08-01
2026-07-24 15:02:05,748 - db_helper - INFO - fetch_expenses_for_date: called with 2024-08-01
2026-07-24 15:02:07,953 - db_helper - INFO - fetch_expenses_summary: called with start_date 2024-08-01, end_date 2024-08-30
2026-07-24 15:02:39,218 - db_helper - INFO - fetch_expenses_for_date: called with 2024-08-01
2026-07-24 15:04:58,261 - db_helper - INFO - fetch_expenses_for_date: called with 2024-08-01
2026-07-24 15:05:12,906 - db_helper - INFO - fetch_expenses_for_date: called with 2024-08-01
2026-07-24 15:05:19,131 - db_helper - INFO - fetch_expenses_for_date: called with 2024-08-01
2026-07-24 15:05:21,934 - db_helper - INFO - fetch_expenses_for_date: called with 2024-08-01
2026-07-24 15:06:02,486 - db_helper - INFO - fetch_expenses_for_date: called with 2024-08-01
2026-07-24 15:06:15,972 - db_helper - INFO - fetch_expenses_for_date: called with 2024-08-01
2026-07-24 15:09:10,753 - db_helper - INFO - fetch_expenses_for_date: called with 2024-08-01
2026-07-24 15:09:19,395 - db_helper - INFO - fetch_expenses_for_date: called with 2024-08-01
2026-07-24 15:09:21,563 - db_helper - INFO - fetch_expenses_summary: called with start_date 2024-08-01, end_date 2024-08-30
2026-07-24 15:09:52,329 - db_helper - INFO - fetch_expenses_for_date: called with 2024-08-01
2026-07-24 15:09:59,512 - db_helper - INFO - fetch_expenses_for_date: called with 2024-08-01
2026-07-24 15:10:19,023 - db_helper - INFO - fetch_expenses_for_date: called with 2024-08-01
2026-07-24 15:10:21,332 - db_helper - INFO - fetch_expenses_for_date: called with 2024-08-01
2026-07-24 15:10:23,487 - db_helper - INFO - fetch_expenses_summary: called with start_date 2024-08-01, end_date 2024-08-30
2026-07-24 15:10:46,446 - db_helper - INFO - fetch_expenses_for_date: called with 2024-08-01
2026-07-24 15:10:50,885 - db_helper - INFO - fetch_expenses_for_date: called with 2024-08-01
2026-07-24 15:10:53,043 - db_helper - INFO - fetch_expenses_summary: called with start_date 2024-08-01, end_date 2024-08-30
2026-07-24 15:12:17,825 - db_helper - INFO - fetch_expenses_for_date: called with 2024-08-01
2026-07-24 15:12:24,222 - db_helper - INFO - fetch_expenses_for_date: called with 2024-08-01
2026-07-24 15:12:26,364 - db_helper - INFO - fetch_expenses_summary: called with start_date 2024-08-01, end_date 2024-08-30
2026-07-24 15:12:58,112 - db_helper - INFO - fetch_expenses_for_date: called with 2024-08-01
2026-07-24 15:13:03,077 - db_helper - INFO - fetch_expenses_for_date: called with 2024-08-01
2026-07-24 15:13:05,216 - db_helper - INFO - fetch_expenses_summary: called with start_date 2024-08-01, end_date 2024-08-30
2026-07-24 15:13:34,821 - db_helper - INFO - fetch_expenses_for_date: called with 2024-08-01
2026-07-24 15:13:47,820 - db_helper - INFO - fetch_expenses_for_date: called with 2024-08-01
2026-07-24 15:13:52,535 - db_helper - INFO - fetch_expenses_for_date: called with 2024-08-01
2026-07-24 15:13:54,680 - db_helper - INFO - fetch_expenses_summary: called with start_date 2024-08-01, end_date 2024-08-30
2026-07-24 15:14:40,351 - db_helper - INFO - fetch_expenses_for_date: called with 2024-08-01
2026-07-24 15:14:46,953 - db_helper - INFO - fetch_expenses_for_date: called with 2024-08-01
2026-07-24 15:14:49,113 - db_helper - INFO - fetch_expenses_summary: called with start_date 2024-08-01, end_date 2024-08-30
2026-07-24 15:15:25,818 - db_helper - INFO - fetch_expenses_for_date: called with 2024-08-01
2026-07-24 15:15:49,375 - db_helper - INFO - fetch_expenses_for_date: called with 2024-08-01
2026-07-24 15:15:54,331 - db_helper - INFO - fetch_expenses_for_date: called with 2024-08-01
2026-07-24 15:16:00,259 - db_helper - INFO - fetch_expenses_for_date: called with 2024-08-01
2026-07-24 15:16:16,219 - db_helper - INFO - fetch_expenses_for_date: called with 2024-08-01
2026-07-24 15:16:21,346 - db_helper - INFO - fetch_expenses_for_date: called with 2024-08-01
2026-07-24 15:16:58,624 - db_helper - INFO - fetch_expenses_for_date: called with 2024-08-01
2026-07-24 15:17:14,584 - db_helper - INFO - fetch_expenses_for_date: called with 2024-08-01
2026-07-24 15:17:21,608 - db_helper - INFO - fetch_expenses_for_date: called with 2024-08-01
2026-07-24 15:17:23,813 - db_helper - INFO - fetch_expenses_summary: called with start_date 2024-08-01, end_date 2024-08-30
2026-07-24 15:17:38,142 - db_helper - INFO - fetch_expenses_for_date: called with 2024-08-01
2026-07-24 15:17:41,845 - db_helper - INFO - fetch_expenses_for_date: called with 2024-08-01
2026-07-24 15:17:43,987 - db_helper - INFO - fetch_expenses_summary: called with start_date 2024-08-01, end_date 2024-08-30
2026-07-24 15:18:14,703 - db_helper - INFO - fetch_expenses_for_date: called with 2024-08-01
2026-07-24 15:18:54,425 - db_helper - INFO - fetch_expenses_for_date: called with 2024-08-01
2026-07-24 15:19:02,561 - db_helper - INFO - fetch_expenses_for_date: called with 2024-08-01
2026-07-24 15:19:21,615 - db_helper - INFO - fetch_expenses_for_date: called with 2024-08-01
2026-07-24 15:19:30,395 - db_helper - INFO - fetch_expenses_for_date: called with 2024-08-01
2026-07-24 15:19:37,717 - db_helper - INFO - fetch_expenses_for_date: called with 2024-08-01
2026-07-24 15:19:39,886 - db_helper - INFO - fetch_expenses_summary: called with start_date 2024-08-01, end_date 2024-08-30
2026-07-24 15:19:58,505 - db_helper - INFO - fetch_expenses_for_date: called with 2024-08-01
2026-07-24 15:20:02,222 - db_helper - INFO - fetch_expenses_for_date: called with 2024-08-01
2026-07-24 15:20:04,385 - db_helper - INFO - fetch_expenses_summary: called with start_date 2024-08-01, end_date 2024-08-30
2026-07-24 15:20:26,617 - db_helper - INFO - fetch_expenses_for_date: called with 2024-08-01
2026-07-24 15:20:31,753 - db_helper - INFO - fetch_expenses_for_date: called with 2024-08-01
2026-07-24 15:20:34,043 - db_helper - INFO - fetch_expenses_for_date: called with 2024-08-01
2026-07-24 15:20:35,357 - db_helper - INFO - fetch_expenses_for_date: called with 2024-08-01
2026-07-24 15:20:37,538 - db_helper - INFO - fetch_expenses_summary: called with start_date 2024-08-01, end_date 2024-08-02
2026-07-24 15:20:51,630 - db_helper - INFO - fetch_expenses_for_date: called with 2024-08-01
2026-07-24 15:20:52,659 - db_helper - INFO - fetch_expenses_for_date: called with 2024-08-01
2026-07-24 15:20:54,986 - db_helper - INFO - fetch_expenses_summary: called with start_date 2024-08-01, end_date 2024-08-01
